12:20:49 **** Auto Build of configuration Debug for project motor_control ****
make pre-build main-build 
a9-linaro-pre-build-step
' '
'Building file: ../src/helloworld.c'
'Invoking: ARM v7 gcc compiler'
arm-none-eabi-gcc -Wall -O0 -g3 -c -fmessage-length=0 -MT"src/helloworld.o" -mcpu=cortex-a9 -mfpu=vfpv3 -mfloat-abi=hard -I../../motor_control_bsp/ps7_cortexa9_0/include -MMD -MP -MF"src/helloworld.d" -MT"src/helloworld.o" -o "src/helloworld.o" "../src/helloworld.c"
'Finished building: ../src/helloworld.c'
' '
'Building target: motor_control.elf'
'Invoking: ARM v7 gcc linker'
arm-none-eabi-gcc -mcpu=cortex-a9 -mfpu=vfpv3 -mfloat-abi=hard -Wl,-build-id=none -specs=Xilinx.spec -Wl,-T -Wl,../src/lscript.ld -L../../motor_control_bsp/ps7_cortexa9_0/lib -o "motor_control.elf"  ./src/helloworld.o ./src/platform.o   -Wl,--start-group,-lxil,-lgcc,-lc,--end-group
'Finished building target: motor_control.elf'
' '
'Invoking: ARM v7 Print Size'
arm-none-eabi-size motor_control.elf  |tee "motor_control.elf.size"
   text	   data	    bss	    dec	    hex	filename
  21604	   1180	  22616	  45400	   b158	motor_control.elf
'Finished building: motor_control.elf.size'
' '

12:20:55 Build Finished (took 5s.591ms)

